[1m============================= test session starts =============================[0m
platform win32 -- Python 3.12.0, pytest-7.4.3, pluggy-1.6.0 -- C:\Users\MANISH SHARMA\OneDrive\Desktop\Capstone Project\.venv\Scripts\python.exe
cachedir: .pytest_cache
metadata: {'Python': '3.12.0', 'Platform': 'Windows-11-10.0.26200-SP0', 'Packages': {'pytest': '7.4.3', 'pluggy': '1.6.0'}, 'Plugins': {'allure-pytest': '2.13.2', 'Faker': '21.0.0', 'cov': '4.1.0', 'html': '4.1.1', 'metadata': '3.1.1', 'timeout': '2.2.0', 'xdist': '3.5.0'}}
rootdir: C:\Users\MANISH SHARMA\OneDrive\Desktop\Capstone Project
configfile: pytest.ini
plugins: allure-pytest-2.13.2, Faker-21.0.0, cov-4.1.0, html-4.1.1, metadata-3.1.1, timeout-2.2.0, xdist-3.5.0
timeout: 300.0s
timeout method: thread
timeout func_only: False
[1mcollecting ... [0mcollected 187 items

tests/test_add_product_review.py::TestAddProductReview::test_add_product_review 
[1m------------------------------- live log setup --------------------------------[0m
2026-06-01 13:31:26 [[32m    INFO[0m] Initializing chrome WebDriver (headless=False)
2026-06-01 13:31:28 [[32m    INFO[0m] WebDriver initialized successfully
[1m-------------------------------- live log call --------------------------------[0m
2026-06-01 13:31:29 [[32m    INFO[0m] Navigated to: https://automationexercise.com
2026-06-01 13:31:29 [[32m    INFO[0m] Navigated to home page
2026-06-01 13:31:30 [[32m    INFO[0m] Clicked element: ('xpath', "//a[contains(text(), 'Signup / Login')]")
2026-06-01 13:31:30 [[32m    INFO[0m] Clicked on Signup/Login link
2026-06-01 13:31:31 [[32m    INFO[0m] Navigated to: https://automationexercise.com/login
2026-06-01 13:31:31 [[32m    INFO[0m] Navigated to login page
2026-06-01 13:31:31 [[32m    INFO[0m] Element found: ('name', 'email')
2026-06-01 13:31:31 [[32m    INFO[0m] Entered text 'test@example.com' in element: ('name', 'email')
2026-06-01 13:31:31 [[32m    INFO[0m] Entered email: test@example.com
2026-06-01 13:31:31 [[32m    INFO[0m] Element found: ('name', 'password')
2026-06-01 13:31:31 [[32m    INFO[0m] Entered text 'Password123!' in element: ('name', 'password')
2026-06-01 13:31:31 [[32m    INFO[0m] Entered password
2026-06-01 13:31:31 [[32m    INFO[0m] Clicked element: ('xpath', "//button[contains(text(), 'Login')]")
2026-06-01 13:31:31 [[32m    INFO[0m] Clicked login button
2026-06-01 13:31:31 [[32m    INFO[0m] Login completed for user: test@example.com
2026-06-01 13:31:32 [[32m    INFO[0m] Navigated to: http://automationexercise.com/products
2026-06-01 13:31:32 [[32m    INFO[0m] Found 34 elements: ('xpath', "//a[contains(@href, '/product_details/') and contains(., 'View Product')]")
2026-06-01 13:31:33 [[32m    INFO[0m] Navigated to: https://automationexercise.com/product_details/1
2026-06-01 13:31:33 [[32m    INFO[0m] URL contains: /product_details/
2026-06-01 13:31:33 [[32m    INFO[0m] Element found: ('id', 'name')
2026-06-01 13:31:33 [[32m    INFO[0m] Entered text 'Test User' in element: ('id', 'name')
2026-06-01 13:31:33 [[32m    INFO[0m] Entered review name: Test User
2026-06-01 13:31:33 [[32m    INFO[0m] Element found: ('id', 'email')
2026-06-01 13:31:33 [[32m    INFO[0m] Entered text 'testuser@example.com' in element: ('id', 'email')
2026-06-01 13:31:33 [[32m    INFO[0m] Entered review email: testuser@example.com
2026-06-01 13:31:33 [[32m    INFO[0m] Element found: ('id', 'review')
2026-06-01 13:31:33 [[32m    INFO[0m] Entered text 'Great product! Highly recommended.' in element: ('id', 'review')
2026-06-01 13:31:33 [[32m    INFO[0m] Entered review text: Great product! Highly recommended.
2026-06-01 13:31:33 [[32m    INFO[0m] Review rating controls are not present; skipping rating selection
2026-06-01 13:31:34 [[32m    INFO[0m] Clicked element: ('id', 'button-review')
2026-06-01 13:31:34 [[32m    INFO[0m] Clicked submit review button
2026-06-01 13:31:34 [[32m    INFO[0m] Product review submitted
2026-06-01 13:31:34 [[32m    INFO[0m] Element is visible: ('xpath', "//span[contains(text(), 'Thank you for your review')]")
2026-06-01 13:31:34 [[32m    INFO[0m] Review success message visible: True
2026-06-01 13:31:34 [[32m    INFO[0m] Product review submitted successfully
2026-06-01 13:31:34 [[32m    INFO[0m] Test PASSED: test_add_product_review
[32mPASSED[0m[32m                                                                   [  0%][0m
[1m------------------------------ live log teardown ------------------------------[0m
2026-06-01 13:31:34 [[32m    INFO[0m] Closing WebDriver

tests/test_add_product_review.py::TestAddProductReview::test_review_with_different_ratings[1] 
[1m------------------------------- live log setup --------------------------------[0m
2026-06-01 13:31:36 [[32m    INFO[0m] Initializing chrome WebDriver (headless=False)
2026-06-01 13:31:41 [[32m    INFO[0m] WebDriver initialized successfully
[1m-------------------------------- live log call --------------------------------[0m
2026-06-01 13:31:43 [[32m    INFO[0m] Navigated to: https://automationexercise.com
2026-06-01 13:31:43 [[32m    INFO[0m] Navigated to home page
2026-06-01 13:31:44 [[32m    INFO[0m] Clicked element: ('xpath', "//a[contains(text(), 'Signup / Login')]")
2026-06-01 13:31:44 [[32m    INFO[0m] Clicked on Signup/Login link
2026-06-01 13:31:44 [[32m    INFO[0m] Navigated to: https://automationexercise.com/login
2026-06-01 13:31:44 [[32m    INFO[0m] Navigated to login page
2026-06-01 13:31:44 [[32m    INFO[0m] Element found: ('name', 'email')
2026-06-01 13:31:45 [[32m    INFO[0m] Entered text 'test@example.com' in element: ('name', 'email')
2026-06-01 13:31:45 [[32m    INFO[0m] Entered email: test@example.com
2026-06-01 13:31:45 [[32m    INFO[0m] Element found: ('name', 'password')
2026-06-01 13:31:45 [[32m    INFO[0m] Entered text 'Password123!' in element: ('name', 'password')
2026-06-01 13:31:45 [[32m    INFO[0m] Entered password
2026-06-01 13:31:45 [[32m    INFO[0m] Clicked element: ('xpath', "//button[contains(text(), 'Login')]")
2026-06-01 13:31:45 [[32m    INFO[0m] Clicked login button
2026-06-01 13:31:45 [[32m    INFO[0m] Login completed for user: test@example.com
2026-06-01 13:31:46 [[32m    INFO[0m] Navigated to: http://automationexercise.com/products
2026-06-01 13:31:46 [[32m    INFO[0m] Found 34 elements: ('xpath', "//a[contains(@href, '/product_details/') and contains(., 'View Product')]")
2026-06-01 13:31:46 [[32m    INFO[0m] Navigated to: https://automationexercise.com/product_details/1
2026-06-01 13:31:46 [[32m    INFO[0m] URL contains: /product_details/
2026-06-01 13:31:46 [[32m    INFO[0m] Element found: ('id', 'name')
2026-06-01 13:31:46 [[32m    INFO[0m] Entered text 'Test User' in element: ('id', 'name')
2026-06-01 13:31:46 [[32m    INFO[0m] Entered review name: Test User
2026-06-01 13:31:46 [[32m    INFO[0m] Element found: ('id', 'email')
2026-06-01 13:31:46 [[32m    INFO[0m] Entered text 'testuser1@example.com' in element: ('id', 'email')
2026-06-01 13:31:46 [[32m    INFO[0m] Entered review email: testuser1@example.com
2026-06-01 13:31:46 [[32m    INFO[0m] Element found: ('id', 'review')
2026-06-01 13:31:47 [[32m    INFO[0m] Entered text 'Rated 1 stars' in element: ('id', 'review')
2026-06-01 13:31:47 [[32m    INFO[0m] Entered review text: Rated 1 stars
2026-06-01 13:31:47 [[32m    INFO[0m] Review rating controls are not present; skipping rating selection
2026-06-01 13:31:47 [[32m    INFO[0m] Clicked element: ('id', 'button-review')
2026-06-01 13:31:47 [[32m    INFO[0m] Clicked submit review button
2026-06-01 13:31:47 [[32m    INFO[0m] Product review submitted
2026-06-01 13:31:47 [[32m    INFO[0m] Review submitted with 1 star rating
2026-06-01 13:31:47 [[32m    INFO[0m] Test PASSED: test_review_with_different_ratings[1]
[32mPASSED[0m[32m                                                                   [  1%][0m
[1m------------------------------ live log teardown ------------------------------[0m
2026-06-01 13:31:47 [[32m    INFO[0m] Closing WebDriver

tests/test_add_product_review.py::TestAddProductReview::test_review_with_different_ratings[2] 
[1m------------------------------- live log setup --------------------------------[0m
2026-06-01 13:31:49 [[32m    INFO[0m] Initializing chrome WebDriver (headless=False)
2026-06-01 13:31:50 [[32m    INFO[0m] WebDriver initialized successfully
[1m-------------------------------- live log call --------------------------------[0m
2026-06-01 13:31:51 [[32m    INFO[0m] Navigated to: https://automationexercise.com
2026-06-01 13:31:51 [[32m    INFO[0m] Navigated to home page
2026-06-01 13:31:52 [[32m    INFO[0m] Clicked element: ('xpath', "//a[contains(text(), 'Signup / Login')]")
2026-06-01 13:31:52 [[32m    INFO[0m] Clicked on Signup/Login link
2026-06-01 13:31:52 [[32m    INFO[0m] Navigated to: https://automationexercise.com/login
2026-06-01 13:31:52 [[32m    INFO[0m] Navigated to login page
2026-06-01 13:31:52 [[32m    INFO[0m] Element found: ('name', 'email')
2026-06-01 13:31:52 [[32m    INFO[0m] Entered text 'test@example.com' in element: ('name', 'email')
2026-06-01 13:31:52 [[32m    INFO[0m] Entered email: test@example.com
2026-06-01 13:31:52 [[32m    INFO[0m] Element found: ('name', 'password')
2026-06-01 13:31:52 [[32m    INFO[0m] Entered text 'Password123!' in element: ('name', 'password')
2026-06-01 13:31:52 [[32m    INFO[0m] Entered password
2026-06-01 13:31:53 [[32m    INFO[0m] Clicked element: ('xpath', "//button[contains(text(), 'Login')]")
2026-06-01 13:31:53 [[32m    INFO[0m] Clicked login button
2026-06-01 13:31:53 [[32m    INFO[0m] Login completed for user: test@example.com
2026-06-01 13:31:53 [[32m    INFO[0m] Navigated to: http://automationexercise.com/products
2026-06-01 13:31:53 [[32m    INFO[0m] Found 34 elements: ('xpath', "//a[contains(@href, '/product_details/') and contains(., 'View Product')]")
2026-06-01 13:31:54 [[32m    INFO[0m] Navigated to: https://automationexercise.com/product_details/1
2026-06-01 13:31:54 [[32m    INFO[0m] URL contains: /product_details/
2026-06-01 13:31:54 [[32m    INFO[0m] Element found: ('id', 'name')
2026-06-01 13:31:54 [[32m    INFO[0m] Entered text 'Test User' in element: ('id', 'name')
2026-06-01 13:31:54 [[32m    INFO[0m] Entered review name: Test User
2026-06-01 13:31:54 [[32m    INFO[0m] Element found: ('id', 'email')
2026-06-01 13:31:54 [[32m    INFO[0m] Entered text 'testuser2@example.com' in element: ('id', 'email')
2026-06-01 13:31:54 [[32m    INFO[0m] Entered review email: testuser2@example.com
2026-06-01 13:31:54 [[32m    INFO[0m] Element found: ('id', 'review')
2026-06-01 13:31:55 [[32m    INFO[0m] Entered text 'Rated 2 stars' in element: ('id', 'review')
2026-06-01 13:31:55 [[32m    INFO[0m] Entered review text: Rated 2 stars
2026-06-01 13:31:55 [[32m    INFO[0m] Review rating controls are not present; skipping rating selection
2026-06-01 13:31:55 [[32m    INFO[0m] Clicked element: ('id', 'button-review')
2026-06-01 13:31:55 [[32m    INFO[0m] Clicked submit review button
2026-06-01 13:31:55 [[32m    INFO[0m] Product review submitted
2026-06-01 13:31:55 [[32m    INFO[0m] Review submitted with 2 star rating
2026-06-01 13:31:55 [[32m    INFO[0m] Test PASSED: test_review_with_different_ratings[2]
[32mPASSED[0m[32m                                                                   [  1%][0m
[1m------------------------------ live log teardown ------------------------------[0m
2026-06-01 13:31:55 [[32m    INFO[0m] Closing WebDriver

tests/test_add_product_review.py::TestAddProductReview::test_review_with_different_ratings[3] 
[1m------------------------------- live log setup --------------------------------[0m
2026-06-01 13:31:57 [[32m    INFO[0m] Initializing chrome WebDriver (headless=False)
2026-06-01 13:31:58 [[32m    INFO[0m] WebDriver initialized successfully
[1m-------------------------------- live log call --------------------------------[0m
2026-06-01 13:32:00 [[32m    INFO[0m] Navigated to: https://automationexercise.com
2026-06-01 13:32:00 [[32m    INFO[0m] Navigated to home page
2026-06-01 13:32:01 [[32m    INFO[0m] Clicked element: ('xpath', "//a[contains(text(), 'Signup / Login')]")
2026-06-01 13:32:01 [[32m    INFO[0m] Clicked on Signup/Login link
2026-06-01 13:32:01 [[32m    INFO[0m] Navigated to: https://automationexercise.com/login
2026-06-01 13:32:01 [[32m    INFO[0m] Navigated to login page
2026-06-01 13:32:01 [[32m    INFO[0m] Element found: ('name', 'email')
2026-06-01 13:32:01 [[32m    INFO[0m] Entered text 'test@example.com' in element: ('name', 'email')
2026-06-01 13:32:01 [[32m    INFO[0m] Entered email: test@example.com
2026-06-01 13:32:01 [[32m    INFO[0m] Element found: ('name', 'password')
2026-06-01 13:32:01 [[32m    INFO[0m] Entered text 'Password123!' in element: ('name', 'password')
2026-06-01 13:32:01 [[32m    INFO[0m] Entered password
2026-06-01 13:32:02 [[32m    INFO[0m] Clicked element: ('xpath', "//button[contains(text(), 'Login')]")
2026-06-01 13:32:02 [[32m    INFO[0m] Clicked login button
2026-06-01 13:32:02 [[32m    INFO[0m] Login completed for user: test@example.com
2026-06-01 13:32:02 [[32m    INFO[0m] Navigated to: http://automationexercise.com/products
2026-06-01 13:32:02 [[32m    INFO[0m] Found 34 elements: ('xpath', "//a[contains(@href, '/product_details/') and contains(., 'View Product')]")
2026-06-01 13:32:03 [[32m    INFO[0m] Navigated to: https://automationexercise.com/product_details/1
2026-06-01 13:32:03 [[32m    INFO[0m] URL contains: /product_details/
2026-06-01 13:32:03 [[32m    INFO[0m] Element found: ('id', 'name')
2026-06-01 13:32:04 [[32m    INFO[0m] Entered text 'Test User' in element: ('id', 'name')
2026-06-01 13:32:04 [[32m    INFO[0m] Entered review name: Test User
2026-06-01 13:32:04 [[32m    INFO[0m] Element found: ('id', 'email')
2026-06-01 13:32:04 [[32m    INFO[0m] Entered text 'testuser3@example.com' in element: ('id', 'email')
2026-06-01 13:32:04 [[32m    INFO[0m] Entered review email: testuser3@example.com
2026-06-01 13:32:04 [[32m    INFO[0m] Element found: ('id', 'review')
2026-06-01 13:32:04 [[32m    INFO[0m] Entered text 'Rated 3 stars' in element: ('id', 'review')
2026-06-01 13:32:04 [[32m    INFO[0m] Entered review text: Rated 3 stars
2026-06-01 13:32:04 [[32m    INFO[0m] Review rating controls are not present; skipping rating selection
2026-06-01 13:32:04 [[32m    INFO[0m] Clicked element: ('id', 'button-review')
2026-06-01 13:32:04 [[32m    INFO[0m] Clicked submit review button
2026-06-01 13:32:04 [[32m    INFO[0m] Product review submitted
2026-06-01 13:32:04 [[32m    INFO[0m] Review submitted with 3 star rating
2026-06-01 13:32:04 [[32m    INFO[0m] Test PASSED: test_review_with_different_ratings[3]
[32mPASSED[0m[32m                                                                   [  2%][0m
[1m------------------------------ live log teardown ------------------------------[0m
2026-06-01 13:32:04 [[32m    INFO[0m] Closing WebDriver

tests/test_add_product_review.py::TestAddProductReview::test_review_with_different_ratings[4] 
[1m------------------------------- live log setup --------------------------------[0m
2026-06-01 13:32:06 [[32m    INFO[0m] Initializing chrome WebDriver (headless=False)
2026-06-01 13:32:16 [[32m    INFO[0m] WebDriver initialized successfully
[1m-------------------------------- live log call --------------------------------[0m
2026-06-01 13:32:18 [[32m    INFO[0m] Navigated to: https://automationexercise.com
2026-06-01 13:32:18 [[32m    INFO[0m] Navigated to home page
2026-06-01 13:32:19 [[32m    INFO[0m] Clicked element: ('xpath', "//a[contains(text(), 'Signup / Login')]")
2026-06-01 13:32:19 [[32m    INFO[0m] Clicked on Signup/Login link
2026-06-01 13:32:19 [[32m    INFO[0m] Navigated to: https://automationexercise.com/login
2026-06-01 13:32:19 [[32m    INFO[0m] Navigated to login page
2026-06-01 13:32:19 [[32m    INFO[0m] Element found: ('name', 'email')
2026-06-01 13:32:19 [[32m    INFO[0m] Entered text 'test@example.com' in element: ('name', 'email')
2026-06-01 13:32:19 [[32m    INFO[0m] Entered email: test@example.com
2026-06-01 13:32:19 [[32m    INFO[0m] Element found: ('name', 'password')
2026-06-01 13:32:19 [[32m    INFO[0m] Entered text 'Password123!' in element: ('name', 'password')
2026-06-01 13:32:19 [[32m    INFO[0m] Entered password
2026-06-01 13:32:20 [[32m    INFO[0m] Clicked element: ('xpath', "//button[contains(text(), 'Login')]")
2026-06-01 13:32:20 [[32m    INFO[0m] Clicked login button
2026-06-01 13:32:20 [[32m    INFO[0m] Login completed for user: test@example.com
2026-06-01 13:32:20 [[32m    INFO[0m] Navigated to: http://automationexercise.com/products
2026-06-01 13:32:20 [[32m    INFO[0m] Found 34 elements: ('xpath', "//a[contains(@href, '/product_details/') and contains(., 'View Product')]")
2026-06-01 13:32:21 [[32m    INFO[0m] Navigated to: https://automationexercise.com/product_details/1
2026-06-01 13:32:21 [[32m    INFO[0m] URL contains: /product_details/
2026-06-01 13:32:21 [[32m    INFO[0m] Element found: ('id', 'name')
2026-06-01 13:32:21 [[32m    INFO[0m] Entered text 'Test User' in element: ('id', 'name')
2026-06-01 13:32:21 [[32m    INFO[0m] Entered review name: Test User
2026-06-01 13:32:21 [[32m    INFO[0m] Element found: ('id', 'email')
2026-06-01 13:32:21 [[32m    INFO[0m] Entered text 'testuser4@example.com' in element: ('id', 'email')
2026-06-01 13:32:21 [[32m    INFO[0m] Entered review email: testuser4@example.com
2026-06-01 13:32:21 [[32m    INFO[0m] Element found: ('id', 'review')
2026-06-01 13:32:21 [[32m    INFO[0m] Entered text 'Rated 4 stars' in element: ('id', 'review')
2026-06-01 13:32:21 [[32m    INFO[0m] Entered review text: Rated 4 stars
2026-06-01 13:32:21 [[32m    INFO[0m] Review rating controls are not present; skipping rating selection
2026-06-01 13:32:22 [[32m    INFO[0m] Clicked element: ('id', 'button-review')
2026-06-01 13:32:22 [[32m    INFO[0m] Clicked submit review button
2026-06-01 13:32:22 [[32m    INFO[0m] Product review submitted
2026-06-01 13:32:22 [[32m    INFO[0m] Review submitted with 4 star rating
2026-06-01 13:32:22 [[32m    INFO[0m] Test PASSED: test_review_with_different_ratings[4]
[32mPASSED[0m[32m                                                                   [  2%][0m
[1m------------------------------ live log teardown ------------------------------[0m
2026-06-01 13:32:22 [[32m    INFO[0m] Closing WebDriver

tests/test_add_product_review.py::TestAddProductReview::test_review_with_different_ratings[5] 
[1m------------------------------- live log setup --------------------------------[0m
2026-06-01 13:32:24 [[32m    INFO[0m] Initializing chrome WebDriver (headless=False)
2026-06-01 13:32:25 [[32m    INFO[0m] WebDriver initialized successfully
[1m-------------------------------- live log call --------------------------------[0m
2026-06-01 13:32:27 [[32m    INFO[0m] Navigated to: https://automationexercise.com
2026-06-01 13:32:27 [[32m    INFO[0m] Navigated to home page
2026-06-01 13:32:28 [[32m    INFO[0m] Clicked element: ('xpath', "//a[contains(text(), 'Signup / Login')]")
2026-06-01 13:32:28 [[32m    INFO[0m] Clicked on Signup/Login link
2026-06-01 13:32:31 [[32m    INFO[0m] Navigated to: https://automationexercise.com/login
2026-06-01 13:32:31 [[32m    INFO[0m] Navigated to login page
2026-06-01 13:32:31 [[32m    INFO[0m] Element found: ('name', 'email')
2026-06-01 13:32:31 [[32m    INFO[0m] Entered text 'test@example.com' in element: ('name', 'email')
2026-06-01 13:32:31 [[32m    INFO[0m] Entered email: test@example.com
2026-06-01 13:32:31 [[32m    INFO[0m] Element found: ('name', 'password')
2026-06-01 13:32:31 [[32m    INFO[0m] Entered text 'Password123!' in element: ('name', 'password')
2026-06-01 13:32:31 [[32m    INFO[0m] Entered password
2026-06-01 13:32:32 [[32m    INFO[0m] Clicked element: ('xpath', "//button[contains(text(), 'Login')]")
2026-06-01 13:32:32 [[32m    INFO[0m] Clicked login button
2026-06-01 13:32:32 [[32m    INFO[0m] Login completed for user: test@example.com
2026-06-01 13:32:32 [[32m    INFO[0m] Navigated to: http://automationexercise.com/products
2026-06-01 13:32:32 [[32m    INFO[0m] Found 34 elements: ('xpath', "//a[contains(@href, '/product_details/') and contains(., 'View Product')]")
2026-06-01 13:32:34 [[32m    INFO[0m] Navigated to: https://automationexercise.com/product_details/1
2026-06-01 13:32:34 [[32m    INFO[0m] URL contains: /product_details/
2026-06-01 13:32:34 [[32m    INFO[0m] Element found: ('id', 'name')
2026-06-01 13:32:34 [[32m    INFO[0m] Entered text 'Test User' in element: ('id', 'name')
2026-06-01 13:32:34 [[32m    INFO[0m] Entered review name: Test User
2026-06-01 13:32:34 [[32m    INFO[0m] Element found: ('id', 'email')
2026-06-01 13:32:34 [[32m    INFO[0m] Entered text 'testuser5@example.com' in element: ('id', 'email')
2026-06-01 13:32:34 [[32m    INFO[0m] Entered review email: testuser5@example.com
2026-06-01 13:32:34 [[32m    INFO[0m] Element found: ('id', 'review')
2026-06-01 13:32:34 [[32m    INFO[0m] Entered text 'Rated 5 stars' in element: ('id', 'review')
2026-06-01 13:32:34 [[32m    INFO[0m] Entered review text: Rated 5 stars
2026-06-01 13:32:34 [[32m    INFO[0m] Review rating controls are not present; skipping rating selection
2026-06-01 13:32:34 [[32m    INFO[0m] Clicked element: ('id', 'button-review')
2026-06-01 13:32:34 [[32m    INFO[0m] Clicked submit review button
2026-06-01 13:32:34 [[32m    INFO[0m] Product review submitted
2026-06-01 13:32:34 [[32m    INFO[0m] Review submitted with 5 star rating
2026-06-01 13:32:34 [[32m    INFO[0m] Test PASSED: test_review_with_different_ratings[5]
[32mPASSED[0m[32m                                                                   [  3%][0m
[1m------------------------------ live log teardown ------------------------------[0m
2026-06-01 13:32:34 [[32m    INFO[0m] Closing WebDriver

tests/test_add_recommended_items.py::TestAddRecommendedItemsToCart::test_add_recommended_item_to_cart 
[1m------------------------------- live log setup --------------------------------[0m
2026-06-01 13:32:36 [[32m    INFO[0m] Initializing chrome WebDriver (headless=False)
2026-06-01 13:32:38 [[32m    INFO[0m] WebDriver initialized successfully
[1m-------------------------------- live log call --------------------------------[0m
2026-06-01 13:32:40 [[32m    INFO[0m] Navigated to: https://automationexercise.com
2026-06-01 13:32:40 [[32m    INFO[0m] Navigated to home page
2026-06-01 13:32:40 [[32m    INFO[0m] Element found: ('tag name', 'footer')
2026-06-01 13:32:40 [[32m    INFO[0m] Scrolled to footer
2026-06-01 13:32:40 [[32m    INFO[0m] Found 6 elements: ('xpath', "//div[contains(@class, 'recommended_items')]//a[contains(@class, 'add-to-cart')]")
2026-06-01 13:32:40 [[32m    INFO[0m] Element is visible: ('id', 'cartModal')
2026-06-01 13:32:41 [[32m    INFO[0m] Clicked element: ('xpath', "//div[@id='cartModal']//u[contains(text(), 'View Cart')]/ancestor::a")
2026-06-01 13:32:41 [[32m    INFO[0m] Added first recommended product to cart
2026-06-01 13:32:41 [[32m    INFO[0m] Navigated to: https://automationexercise.com/view_cart
2026-06-01 13:32:41 [[32m    INFO[0m] Navigated to cart page
2026-06-01 13:32:41 [[32m    INFO[0m] Found 1 elements: ('xpath', "//tr[starts-with(@id, 'product-')]")
2026-06-01 13:32:41 [[32m    INFO[0m] Cart item count: 1
2026-06-01 13:32:41 [[32m    INFO[0m] Recommended product added to cart. Cart items: 1
2026-06-01 13:32:41 [[32m    INFO[0m] Test PASSED: test_add_recommended_item_to_cart
[32mPASSED[0m[32m                                                                   [  3%][0m
[1m------------------------------ live log teardown ------------------------------[0m
2026-06-01 13:32:41 [[32m    INFO[0m] Closing WebDriver

tests/test_add_recommended_items.py::TestAddRecommendedItemsToCart::test_recommended_products_section_visibility 
[1m------------------------------- live log setup --------------------------------[0m
2026-06-01 13:32:43 [[32m    INFO[0m] Initializing chrome WebDriver (headless=False)
2026-06-01 13:32:45 [[32m    INFO[0m] WebDriver initialized successfully
[1m-------------------------------- live log call --------------------------------[0m
2026-06-01 13:32:56 [[32m    INFO[0m] Navigated to: https://automationexercise.com
2026-06-01 13:32:56 [[32m    INFO[0m] Navigated to home page
2026-06-01 13:32:56 [[32m    INFO[0m] Element found: ('tag name', 'footer')
2026-06-01 13:32:56 [[32m    INFO[0m] Scrolled to footer
2026-06-01 13:32:56 [[32m    INFO[0m] Found 6 elements: ('xpath', "//div[contains(@class, 'recommended_items')]//div[contains(@class, 'product-image-wrapper')]")
2026-06-01 13:32:56 [[32m    INFO[0m] Found 6 recommended products
2026-06-01 13:32:56 [[32m    INFO[0m] Found 6 recommended products
2026-06-01 13:32:56 [[32m    INFO[0m] Test PASSED: test_recommended_products_section_visibility
[32mPASSED[0m[32m                                                                   [  4%][0m
[1m------------------------------ live log teardown ------------------------------[0m
2026-06-01 13:32:56 [[32m    INFO[0m] Closing WebDriver

tests/test_add_recommended_items.py::TestAddRecommendedItemsToCart::test_add_multiple_recommended_items 
[1m------------------------------- live log setup --------------------------------[0m
2026-06-01 13:32:58 [[32m    INFO[0m] Initializing chrome WebDriver (headless=False)
2026-06-01 13:32:59 [[32m    INFO[0m] WebDriver initialized successfully
[1m-------------------------------- live log call --------------------------------[0m
2026-06-01 13:33:01 [[32m    INFO[0m] Navigated to: https://automationexercise.com
2026-06-01 13:33:01 [[32m    INFO[0m] Navigated to home page
2026-06-01 13:33:01 [[32m    INFO[0m] Element found: ('tag name', 'footer')
2026-06-01 13:33:01 [[32m    INFO[0m] Scrolled to footer
2026-06-01 13:33:01 [[32m    INFO[0m] Found 6 elements: ('xpath', "//div[contains(@class, 'recommended_items')]//a[contains(@class, 'add-to-cart')]")
2026-06-01 13:33:10 [[33m WARNING[0m] Could not add all recommended products: Message: element click intercepted: Element <a data-product-id="1" class="btn btn-default add-to-cart">...</a> is not clickable at point (1034, 240). Other element would receive the click: <div class="productinfo text-center">...</div>
  (Session info: chrome=128.0.6613.138)
Stacktrace:
	GetHandleVerifier [0x00007FF632F89412+29090]
	(No symbol) [0x00007FF632EFE239]
	(No symbol) [0x00007FF632DBB1DA]
	(No symbol) [0x00007FF632E16C1E]
	(No symbol) [0x00007FF632E14692]
	(No symbol) [0x00007FF632E11BAB]
	(No symbol) [0x00007FF632E10DC5]
	(No symbol) [0x00007FF632E02D81]
	(No symbol) [0x00007FF632E366EA]
	(No symbol) [0x00007FF632E026C6]
	(No symbol) [0x00007FF632E36900]
	(No symbol) [0x00007FF632E565A2]
	(No symbol) [0x00007FF632E36493]
	(No symbol) [0x00007FF632E009D1]
	(No symbol) [0x00007FF632E01B31]
	GetHandleVerifier [0x00007FF6332A871D+3302573]
	GetHandleVerifier [0x00007FF6332F4243+3612627]
	GetHandleVerifier [0x00007FF6332EA417+3572135]
	GetHandleVerifier [0x00007FF633045EB6+801862]
	(No symbol) [0x00007FF632F0945F]
	(No symbol) [0x00007FF632F04FB4]
	(No symbol) [0x00007FF632F05140]
	(No symbol) [0x00007FF632EF461F]
	BaseThreadInitThunk [0x00007FFDBC17E957+23]
	RtlUserThreadStart [0x00007FFDBD22427C+44]

2026-06-01 13:33:11 [[32m    INFO[0m] Navigated to: https://automationexercise.com/view_cart
2026-06-01 13:33:11 [[32m    INFO[0m] Navigated to cart page
2026-06-01 13:33:11 [[32m    INFO[0m] Multiple recommended items added to cart
2026-06-01 13:33:11 [[32m    INFO[0m] Test PASSED: test_add_multiple_recommended_items
[32mPASSED[0m[32m                                                                   [  4%][0m
[1m------------------------------ live log teardown ------------------------------[0m
2026-06-01 13:33:11 [[32m    INFO[0m] Closing WebDriver

tests/test_cart_subscription.py::TestCartSubscription::test_cart_page_subscription 
[1m------------------------------- live log setup --------------------------------[0m
2026-06-01 13:33:13 [[32m    INFO[0m] Initializing chrome WebDriver (headless=False)
2026-06-01 13:33:15 [[32m    INFO[0m] WebDriver initialized successfully
[1m-------------------------------- live log call --------------------------------[0m
2026-06-01 13:33:16 [[32m    INFO[0m] Navigated to: http://automationexercise.com/products
2026-06-01 13:33:16 [[32m    INFO[0m] Found 68 elements: ('xpath', "//a[contains(@class, 'add-to-cart')]")
2026-06-01 13:33:18 [[32m    INFO[0m] Element is visible: ('id', 'cartModal')
2026-06-01 13:33:19 [[32m    INFO[0m] Clicked element: ('xpath', "//div[@id='cartModal']//button[contains(text(), 'Continue Shopping')]")
2026-06-01 13:33:19 [[32m    INFO[0m] Navigated to: https://automationexercise.com/view_cart
2026-06-01 13:33:19 [[32m    INFO[0m] Navigated to cart page
2026-06-01 13:33:19 [[32m    INFO[0m] Element found: ('id', 'susbscribe_email')
2026-06-01 13:33:20 [[32m    INFO[0m] Entered text 'cartuser@example.com' in element: ('id', 'susbscribe_email')
2026-06-01 13:33:20 [[32m    INFO[0m] Clicked element: ('id', 'subscribe')
2026-06-01 13:33:20 [[32m    INFO[0m] Subscribed with email: cartuser@example.com in cart page
2026-06-01 13:33:20 [[32m    INFO[0m] Cart page subscription verified
2026-06-01 13:33:20 [[32m    INFO[0m] Test PASSED: test_cart_page_subscription
[32mPASSED[0m[32m                                                                   [  5%][0m
[1m------------------------------ live log teardown ------------------------------[0m
2026-06-01 13:33:20 [[32m    INFO[0m] Closing WebDriver

tests/test_cart_subscription.py::TestCartSubscription::test_cart_subscription_section_visibility 
[1m------------------------------- live log setup --------------------------------[0m
2026-06-01 13:33:22 [[32m    INFO[0m] Initializing chrome WebDriver (headless=False)
2026-06-01 13:33:24 [[32m    INFO[0m] WebDriver initialized successfully
[1m-------------------------------- live log call --------------------------------[0m
2026-06-01 13:33:25 [[32m    INFO[0m] Navigated to: https://automationexercise.com/view_cart
2026-06-01 13:33:25 [[32m    INFO[0m] Navigated to cart page
2026-06-01 13:33:25 [[32m    INFO[0m] Element is visible: ('xpath', "//footer//*[contains(normalize-space(), 'Subscription')]")
2026-06-01 13:33:25 [[32m    INFO[0m] Cart subscription section visible: True
2026-06-01 13:33:25 [[32m    INFO[0m] Cart subscription section visible: True
2026-06-01 13:33:25 [[32m    INFO[0m] Test PASSED: test_cart_subscription_section_visibility
[32mPASSED[0m[32m                                                                   [  5%][0m
[1m------------------------------ live log teardown ------------------------------[0m
2026-06-01 13:33:25 [[32m    INFO[0m] Closing WebDriver

tests/test_checkout.py::TestCheckout::test_checkout_page_loads 
[1m------------------------------- live log setup --------------------------------[0m
2026-06-01 13:33:28 [[32m    INFO[0m] Initializing chrome WebDriver (headless=False)
2026-06-01 13:33:42 [[32m    INFO[0m] WebDriver initialized successfully
[1m-------------------------------- live log call --------------------------------[0m
2026-06-01 13:33:44 [[32m    INFO[0m] Navigated to: http://automationexercise.com/checkout
2026-06-01 13:33:44 [[32m    INFO[0m] Test PASSED: test_checkout_page_loads
[32mPASSED[0m[32m                                                                   [  6%][0m
[1m------------------------------ live log teardown ------------------------------[0m
2026-06-01 13:33:44 [[32m    INFO[0m] Closing WebDriver

tests/test_checkout.py::TestCheckout::test_enter_shipping_address 
[1m------------------------------- live log setup --------------------------------[0m
2026-06-01 13:33:46 [[32m    INFO[0m] Initializing chrome WebDriver (headless=False)
2026-06-01 13:33:47 [[32m    INFO[0m] WebDriver initialized successfully
[1m-------------------------------- live log call --------------------------------[0m
2026-06-01 13:33:49 [[32m    INFO[0m] Navigated to: http://automationexercise.com/checkout
2026-06-01 13:33:49 [[32m    INFO[0m] Entered shipping address for John Doe
2026-06-01 13:33:49 [[32m    INFO[0m] Element found: ('name', 'first_name')
2026-06-01 13:33:49 [[32m    INFO[0m] Test PASSED: test_enter_shipping_address
[32mPASSED[0m[32m                                                                   [  6%][0m
[1m------------------------------ live log teardown ------------------------------[0m
2026-06-01 13:33:49 [[32m    INFO[0m] Closing WebDriver

tests/test_checkout.py::TestCheckout::test_use_same_as_shipping_for_billing 
[1m------------------------------- live log setup --------------------------------[0m
2026-06-01 13:33:52 [[32m    INFO[0m] Initializing chrome WebDriver (headless=False)
2026-06-01 13:33:53 [[32m    INFO[0m] WebDriver initialized successfully
[1m-------------------------------- live log call --------------------------------[0m
2026-06-01 13:33:56 [[32m    INFO[0m] Navigated to: http://automationexercise.com/checkout
2026-06-01 13:33:56 [[32m    INFO[0m] Checked 'Same as shipping' option
2026-06-01 13:33:56 [[32m    INFO[0m] Element found: ('id', 'same-as-shipping')
2026-06-01 13:33:56 [[32m    INFO[0m] Test PASSED: test_use_same_as_shipping_for_billing
[32mPASSED[0m[32m                                                                   [  7%][0m
[1m------------------------------ live log teardown ------------------------------[0m
2026-06-01 13:33:56 [[32m    INFO[0m] Closing WebDriver

tests/test_checkout.py::TestCheckout::test_select_shipping_method 
[1m------------------------------- live log setup --------------------------------[0m
2026-06-01 13:33:58 [[32m    INFO[0m] Initializing chrome WebDriver (headless=False)
2026-06-01 13:34:00 [[32m    INFO[0m] WebDriver initialized successfully
[1m-------------------------------- live log call --------------------------------[0m
2026-06-01 13:34:01 [[32m    INFO[0m] Navigated to: http://automationexercise.com/checkout
2026-06-01 13:34:11 [[32m    INFO[0m] Found 0 elements: ('name', 'shipping_method')
2026-06-01 13:34:11 [[32m    INFO[0m] Selected shipping method: standard
2026-06-01 13:34:11 [[32m    INFO[0m] Found 1 elements: ('name', 'shipping_method')
2026-06-01 13:34:11 [[32m    INFO[0m] Test PASSED: test_select_shipping_method
[32mPASSED[0m[32m                                                                   [  8%][0m
[1m------------------------------ live log teardown ------------------------------[0m
2026-06-01 13:34:11 [[32m    INFO[0m] Closing WebDriver

tests/test_checkout.py::TestCheckout::test_select_payment_method 
[1m------------------------------- live log setup --------------------------------[0m
2026-06-01 13:34:14 [[32m    INFO[0m] Initializing chrome WebDriver (headless=False)
